<agent_ref>
  <snmp ag="applicationRuntimeTable" app="K00" name="applicationRuntimeTable" scalar="false">
    <metric key="true" metricName="applicationRuntimeIndex" name="applicationRuntimeIndex" oid="1.3.6.1.4.1.140.625.105.1.1" size="16" type="STRING_DATA" visible="true"/>
    <metric key="false" metricName="applicationRuntimeObjectName" name="applicationRuntimeObjectName" oid="1.3.6.1.4.1.140.625.105.1.5" size="256" type="STRING_DATA" visible="true"/>
    <metric key="false" metricName="applicationRuntimeType" name="applicationRuntimeType" oid="1.3.6.1.4.1.140.625.105.1.10" size="64" type="STRING_DATA" visible="true"/>
    <metric key="false" metricName="applicationRuntimeName" name="applicationRuntimeName" oid="1.3.6.1.4.1.140.625.105.1.15" size="64" type="STRING_DATA" visible="true"/>
    <metric key="false" metricName="applicationRuntimeParent" name="applicationRuntimeParent" oid="1.3.6.1.4.1.140.625.105.1.20" size="256" type="STRING_DATA" visible="true"/>
    <metric key="false" metricName="applicationRuntimeApplicationName" name="applicationRuntimeApplicationName" oid="1.3.6.1.4.1.140.625.105.1.25" size="256" type="STRING_DATA" visible="true"/>
    <metric key="false" metricName="applicationRuntimeApplicationVersion" name="applicationRuntimeApplicationVersion" oid="1.3.6.1.4.1.140.625.105.1.26" size="64" type="STRING_DATA" visible="true"/>
  </snmp>
  <snmp ag="serverRuntimeTable" app="K00" name="serverRuntimeTable" scalar="false">
    <metric key="true" metricName="serverRuntimeIndex" name="serverRuntimeIndex" oid="1.3.6.1.4.1.140.625.360.1.1" size="16" type="STRING_DATA" visible="true"/>
    <metric key="false" metricName="serverRuntimeObjectName" name="serverRuntimeObjectName" oid="1.3.6.1.4.1.140.625.360.1.5" size="256" type="STRING_DATA" visible="true"/>
    <metric key="false" metricName="serverRuntimeType" name="serverRuntimeType" oid="1.3.6.1.4.1.140.625.360.1.10" size="64" type="STRING_DATA" visible="true"/>
    <metric key="false" metricName="serverRuntimeName" name="serverRuntimeName" oid="1.3.6.1.4.1.140.625.360.1.15" size="64" type="STRING_DATA" visible="true"/>
    <metric key="false" metricName="serverRuntimeParent" name="serverRuntimeParent" oid="1.3.6.1.4.1.140.625.360.1.20" size="256" type="STRING_DATA" visible="true"/>
    <metric key="false" metricName="serverRuntimeActivationTime" name="serverRuntimeActivationTime" oid="1.3.6.1.4.1.140.625.360.1.25" size="8" type="NUMERIC_64BIT_DATA" visible="true"/>
    <metric key="false" metricName="serverRuntimeListenAddress" name="serverRuntimeListenAddress" oid="1.3.6.1.4.1.140.625.360.1.30" size="256" type="STRING_DATA" visible="true"/>
    <metric key="false" metricName="serverRuntimeListenPort" name="serverRuntimeListenPort" oid="1.3.6.1.4.1.140.625.360.1.35" size="4" type="NUMERIC_DATA" visible="true"/>
    <metric key="false" metricName="serverRuntimeSSLListenAddress" name="serverRuntimeSSLListenAddress" oid="1.3.6.1.4.1.140.625.360.1.40" size="256" type="STRING_DATA" visible="true"/>
    <metric key="false" metricName="serverRuntimeRestartsTotalCount" name="serverRuntimeRestartsTotalCount" oid="1.3.6.1.4.1.140.625.360.1.55" size="4" type="NUMERIC_DATA" visible="true"/>
    <metric key="false" metricName="serverRuntimeState" name="serverRuntimeState" oid="1.3.6.1.4.1.140.625.360.1.60" size="16" type="STRING_DATA" visible="true"/>
    <metric key="false" metricName="serverRuntimeWeblogicVersion" name="serverRuntimeWeblogicVersion" oid="1.3.6.1.4.1.140.625.360.1.65" size="16" type="STRING_DATA" visible="true"/>
    <metric key="false" metricName="serverRuntimeAdminServerHost" name="serverRuntimeAdminServerHost" oid="1.3.6.1.4.1.140.625.360.1.70" size="256" type="STRING_DATA" visible="true"/>
    <metric key="false" metricName="serverRuntimeAdminServerListenPort" name="serverRuntimeAdminServerListenPort" oid="1.3.6.1.4.1.140.625.360.1.75" size="4" type="NUMERIC_DATA" visible="true"/>
    <metric key="false" metricName="serverRuntimeAdministrationPort" name="serverRuntimeAdministrationPort" oid="1.3.6.1.4.1.140.625.360.1.81" size="4" type="NUMERIC_DATA" visible="true"/>
    <metric key="false" metricName="serverRuntimeSSLListenPort" name="serverRuntimeSSLListenPort" oid="1.3.6.1.4.1.140.625.360.1.83" size="4" type="NUMERIC_DATA" visible="true"/>
    <metric key="false" metricName="serverRuntimeAdministrationPortEnabled" name="serverRuntimeAdministrationPortEnabled" oid="1.3.6.1.4.1.140.625.360.1.84" size="4" type="NUMERIC_DATA" visible="true"/>
    <metric key="false" metricName="serverRuntimeAdminServer" name="serverRuntimeAdminServer" oid="1.3.6.1.4.1.140.625.360.1.85" size="4" type="NUMERIC_DATA" visible="true"/>
    <metric key="false" metricName="serverRuntimeAdminServerListenPortSecure" name="serverRuntimeAdminServerListenPortSecure" oid="1.3.6.1.4.1.140.625.360.1.86" size="4" type="NUMERIC_DATA" visible="true"/>
    <metric key="false" metricName="serverRuntimeListenPortEnabled" name="serverRuntimeListenPortEnabled" oid="1.3.6.1.4.1.140.625.360.1.87" size="4" type="NUMERIC_DATA" visible="true"/>
    <metric key="false" metricName="serverRuntimeRestartRequired" name="serverRuntimeRestartRequired" oid="1.3.6.1.4.1.140.625.360.1.89" size="64" type="STRING_DATA" visible="true"/>
    <metric key="false" metricName="serverRuntimeCurrentMachine" name="serverRuntimeCurrentMachine" oid="1.3.6.1.4.1.140.625.360.1.91" size="64" type="STRING_DATA" visible="true"/>
    <metric key="false" metricName="serverRuntimeStateVal" name="serverRuntimeStateVal" oid="1.3.6.1.4.1.140.625.360.1.94" size="4" type="NUMERIC_DATA" visible="true"/>
    <metric key="false" metricName="serverRuntimeCurrentDirectory" name="serverRuntimeCurrentDirectory" oid="1.3.6.1.4.1.140.625.360.1.95" size="64" type="STRING_DATA" visible="true"/>
    <metric key="false" metricName="serverRuntimeWeblogicHome" name="serverRuntimeWeblogicHome" oid="1.3.6.1.4.1.140.625.360.1.96" size="64" type="STRING_DATA" visible="true"/>
  </snmp>
  <snmp ag="jdbcDataSourceRuntimeTable" app="K00" name="jdbcDataSourceRuntimeTable" scalar="false">
    <metric key="true" metricName="jdbcDataSourceRuntimeIndex" name="jdbcDataSourceRuntimeIndex" oid="1.3.6.1.4.1.140.625.191.1.1" size="16" type="STRING_DATA" visible="true"/>
    <metric key="false" metricName="jdbcDataSourceRuntimeObjectName" name="jdbcDataSourceRuntimeObjectName" oid="1.3.6.1.4.1.140.625.191.1.5" size="256" type="STRING_DATA" visible="true"/>
    <metric key="false" metricName="jdbcDataSourceRuntimeType" name="jdbcDataSourceRuntimeType" oid="1.3.6.1.4.1.140.625.191.1.10" size="64" type="STRING_DATA" visible="true"/>
    <metric key="false" metricName="jdbcDataSourceRuntimeName" name="jdbcDataSourceRuntimeName" oid="1.3.6.1.4.1.140.625.191.1.15" size="64" type="STRING_DATA" visible="true"/>
    <metric key="false" metricName="jdbcDataSourceRuntimeParent" name="jdbcDataSourceRuntimeParent" oid="1.3.6.1.4.1.140.625.191.1.20" size="256" type="STRING_DATA" visible="true"/>
    <metric key="false" metricName="jdbcDataSourceRuntimeLeakedConnectionCount" name="jdbcDataSourceRuntimeLeakedConnectionCount" oid="1.3.6.1.4.1.140.625.191.1.25" size="4" type="NUMERIC_DATA" visible="true"/>
    <metric key="false" metricName="jdbcDataSourceRuntimeEnabled" name="jdbcDataSourceRuntimeEnabled" oid="1.3.6.1.4.1.140.625.191.1.30" size="4" type="NUMERIC_DATA" visible="true"/>
    <metric key="false" metricName="jdbcDataSourceRuntimeState" name="jdbcDataSourceRuntimeState" oid="1.3.6.1.4.1.140.625.191.1.35" size="64" type="STRING_DATA" visible="true"/>
    <metric key="false" metricName="jdbcDataSourceRuntimeFailuresToReconnectCount" name="jdbcDataSourceRuntimeFailuresToReconnectCount" oid="1.3.6.1.4.1.140.625.191.1.40" size="4" type="NUMERIC_DATA" visible="true"/>
    <metric key="false" metricName="jdbcDataSourceRuntimeConnectionDelayTime" name="jdbcDataSourceRuntimeConnectionDelayTime" oid="1.3.6.1.4.1.140.625.191.1.45" size="4" type="NUMERIC_DATA" visible="true"/>
    <metric key="false" metricName="jdbcDataSourceRuntimeActiveConnectionsCurrentCount" name="jdbcDataSourceRuntimeActiveConnectionsCurrentCount" oid="1.3.6.1.4.1.140.625.191.1.80" size="4" type="NUMERIC_DATA" visible="true"/>
    <metric key="false" metricName="jdbcDataSourceRuntimeWaitingForConnectionCurrentCount" name="jdbcDataSourceRuntimeWaitingForConnectionCurrentCount" oid="1.3.6.1.4.1.140.625.191.1.85" size="4" type="NUMERIC_DATA" visible="true"/>
    <metric key="false" metricName="jdbcDataSourceRuntimeVersionJDBCDriver" name="jdbcDataSourceRuntimeVersionJDBCDriver" oid="1.3.6.1.4.1.140.625.191.1.90" size="64" type="STRING_DATA" visible="true"/>
    <metric key="false" metricName="jdbcDataSourceRuntimeActiveConnectionsHighCount" name="jdbcDataSourceRuntimeActiveConnectionsHighCount" oid="1.3.6.1.4.1.140.625.191.1.95" size="4" type="NUMERIC_DATA" visible="true"/>
    <metric key="false" metricName="jdbcDataSourceRuntimeActiveConnectionsAverageCount" name="jdbcDataSourceRuntimeActiveConnectionsAverageCount" oid="1.3.6.1.4.1.140.625.191.1.100" size="4" type="NUMERIC_DATA" visible="true"/>
    <metric key="false" metricName="jdbcDataSourceRuntimeReserveRequestCount" name="jdbcDataSourceRuntimeReserveRequestCount" oid="1.3.6.1.4.1.140.625.191.1.105" size="8" type="NUMERIC_64BIT_DATA" visible="true"/>
    <metric key="false" metricName="jdbcDataSourceRuntimeFailedReserveRequestCount" name="jdbcDataSourceRuntimeFailedReserveRequestCount" oid="1.3.6.1.4.1.140.625.191.1.110" size="8" type="NUMERIC_64BIT_DATA" visible="true"/>
    <metric key="false" metricName="jdbcDataSourceRuntimeWaitingForConnectionHighCount" name="jdbcDataSourceRuntimeWaitingForConnectionHighCount" oid="1.3.6.1.4.1.140.625.191.1.115" size="4" type="NUMERIC_DATA" visible="true"/>
    <metric key="false" metricName="jdbcDataSourceRuntimeWaitingForConnectionTotal" name="jdbcDataSourceRuntimeWaitingForConnectionTotal" oid="1.3.6.1.4.1.140.625.191.1.120" size="8" type="NUMERIC_64BIT_DATA" visible="true"/>
    <metric key="false" metricName="jdbcDataSourceRuntimeWaitingForConnectionSuccessTotal" name="jdbcDataSourceRuntimeWaitingForConnectionSuccessTotal" oid="1.3.6.1.4.1.140.625.191.1.125" size="8" type="NUMERIC_64BIT_DATA" visible="true"/>
    <metric key="false" metricName="jdbcDataSourceRuntimeWaitingForConnectionFailureTotal" name="jdbcDataSourceRuntimeWaitingForConnectionFailureTotal" oid="1.3.6.1.4.1.140.625.191.1.130" size="8" type="NUMERIC_64BIT_DATA" visible="true"/>
    <metric key="false" metricName="jdbcDataSourceRuntimeWaitSecondsHighCount" name="jdbcDataSourceRuntimeWaitSecondsHighCount" oid="1.3.6.1.4.1.140.625.191.1.135" size="4" type="NUMERIC_DATA" visible="true"/>
    <metric key="false" metricName="jdbcDataSourceRuntimeConnectionsTotalCount" name="jdbcDataSourceRuntimeConnectionsTotalCount" oid="1.3.6.1.4.1.140.625.191.1.140" size="4" type="NUMERIC_DATA" visible="true"/>
    <metric key="false" metricName="jdbcDataSourceRuntimeCurrCapacity" name="jdbcDataSourceRuntimeCurrCapacity" oid="1.3.6.1.4.1.140.625.191.1.145" size="4" type="NUMERIC_DATA" visible="true"/>
    <metric key="false" metricName="jdbcDataSourceRuntimeCurrCapacityHighCount" name="jdbcDataSourceRuntimeCurrCapacityHighCount" oid="1.3.6.1.4.1.140.625.191.1.150" size="4" type="NUMERIC_DATA" visible="true"/>
    <metric key="false" metricName="jdbcDataSourceRuntimeNumAvailable" name="jdbcDataSourceRuntimeNumAvailable" oid="1.3.6.1.4.1.140.625.191.1.155" size="4" type="NUMERIC_DATA" visible="true"/>
    <metric key="false" metricName="jdbcDataSourceRuntimeHighestNumAvailable" name="jdbcDataSourceRuntimeHighestNumAvailable" oid="1.3.6.1.4.1.140.625.191.1.160" size="4" type="NUMERIC_DATA" visible="true"/>
    <metric key="false" metricName="jdbcDataSourceRuntimeNumUnavailable" name="jdbcDataSourceRuntimeNumUnavailable" oid="1.3.6.1.4.1.140.625.191.1.165" size="4" type="NUMERIC_DATA" visible="true"/>
    <metric key="false" metricName="jdbcDataSourceRuntimeHighestNumUnavailable" name="jdbcDataSourceRuntimeHighestNumUnavailable" oid="1.3.6.1.4.1.140.625.191.1.170" size="4" type="NUMERIC_DATA" visible="true"/>
    <metric key="false" metricName="jdbcDataSourceRuntimeModuleId" name="jdbcDataSourceRuntimeModuleId" oid="1.3.6.1.4.1.140.625.191.1.171" size="64" type="STRING_DATA" visible="true"/>
    <metric key="false" metricName="jdbcDataSourceRuntimeDeploymentState" name="jdbcDataSourceRuntimeDeploymentState" oid="1.3.6.1.4.1.140.625.191.1.172" size="4" type="NUMERIC_DATA" visible="true"/>
    <metric key="false" metricName="jdbcDataSourceRuntimeDatabaseProductName" name="jdbcDataSourceRuntimeDatabaseProductName" oid="1.3.6.1.4.1.140.625.191.1.173" size="64" type="STRING_DATA" visible="true"/>
    <metric key="false" metricName="jdbcDataSourceRuntimeDriverVersion" name="jdbcDataSourceRuntimeDriverVersion" oid="1.3.6.1.4.1.140.625.191.1.174" size="64" type="STRING_DATA" visible="true"/>
    <metric key="false" metricName="jdbcDataSourceRuntimeDriverName" name="jdbcDataSourceRuntimeDriverName" oid="1.3.6.1.4.1.140.625.191.1.175" size="64" type="STRING_DATA" visible="true"/>
    <metric key="false" metricName="jdbcDataSourceRuntimeDatabaseProductVersion" name="jdbcDataSourceRuntimeDatabaseProductVersion" oid="1.3.6.1.4.1.140.625.191.1.176" size="64" type="STRING_DATA" visible="true"/>
  </snmp>
  <snmp ag="jvmRuntimeTable" app="K00" name="jvmRuntimeTable" scalar="false">
    <metric key="true" metricName="jvmRuntimeIndex" name="jvmRuntimeIndex" oid="1.3.6.1.4.1.140.625.340.1.1" size="16" type="STRING_DATA" visible="true"/>
    <metric key="false" metricName="jvmRuntimeObjectName" name="jvmRuntimeObjectName" oid="1.3.6.1.4.1.140.625.340.1.5" size="256" type="STRING_DATA" visible="true"/>
    <metric key="false" metricName="jvmRuntimeType" name="jvmRuntimeType" oid="1.3.6.1.4.1.140.625.340.1.10" size="64" type="STRING_DATA" visible="true"/>
    <metric key="false" metricName="jvmRuntimeName" name="jvmRuntimeName" oid="1.3.6.1.4.1.140.625.340.1.15" size="64" type="STRING_DATA" visible="true"/>
    <metric key="false" metricName="jvmRuntimeParent" name="jvmRuntimeParent" oid="1.3.6.1.4.1.140.625.340.1.20" size="256" type="STRING_DATA" visible="true"/>
    <metric key="false" metricName="jvmRuntimeHeapFreeCurrent" name="jvmRuntimeHeapFreeCurrent" oid="1.3.6.1.4.1.140.625.340.1.25" size="8" type="NUMERIC_64BIT_DATA" visible="true"/>
    <metric key="false" metricName="jvmRuntimeHeapSizeCurrent" name="jvmRuntimeHeapSizeCurrent" oid="1.3.6.1.4.1.140.625.340.1.30" size="8" type="NUMERIC_64BIT_DATA" visible="true"/>
    <metric key="false" metricName="jvmRuntimeJavaVersion" name="jvmRuntimeJavaVersion" oid="1.3.6.1.4.1.140.625.340.1.35" size="32" type="STRING_DATA" visible="true"/>
    <metric key="false" metricName="jvmRuntimeJavaVendor" name="jvmRuntimeJavaVendor" oid="1.3.6.1.4.1.140.625.340.1.40" size="32" type="STRING_DATA" visible="true"/>
    <metric key="false" metricName="jvmRuntimeOSName" name="jvmRuntimeOSName" oid="1.3.6.1.4.1.140.625.340.1.45" size="32" type="STRING_DATA" visible="true"/>
    <metric key="false" metricName="jvmRuntimeOSVersion" name="jvmRuntimeOSVersion" oid="1.3.6.1.4.1.140.625.340.1.50" size="32" type="STRING_DATA" visible="true"/>
    <metric key="false" metricName="jvmRuntimeUptime" name="jvmRuntimeUptime" oid="1.3.6.1.4.1.140.625.340.1.51" size="8" type="NUMERIC_64BIT_DATA" visible="true"/>
    <metric key="false" metricName="jvmRuntimeHeapFreePercent" name="jvmRuntimeHeapFreePercent" oid="1.3.6.1.4.1.140.625.340.1.52" size="4" type="NUMERIC_DATA" visible="true"/>
    <metric key="false" metricName="jvmRuntimeThreadStackDump" name="jvmRuntimeThreadStackDump" oid="1.3.6.1.4.1.140.625.340.1.53" size="64" type="STRING_DATA" visible="true"/>
    <metric key="false" metricName="jvmRuntimeHeapSizeMax" name="jvmRuntimeHeapSizeMax" oid="1.3.6.1.4.1.140.625.340.1.54" size="8" type="NUMERIC_64BIT_DATA" visible="true"/>
    <metric key="false" metricName="jvmRuntimeJavaVMVendor" name="jvmRuntimeJavaVMVendor" oid="1.3.6.1.4.1.140.625.340.1.55" size="64" type="STRING_DATA" visible="true"/>
  </snmp>
  <snmp ag="threadPoolRuntimeTable" app="K00" name="threadPoolRuntimeTable" scalar="false">
    <metric key="true" metricName="threadPoolRuntimeIndex" name="threadPoolRuntimeIndex" oid="1.3.6.1.4.1.140.625.367.1.1" size="16" type="STRING_DATA" visible="true"/>
    <metric key="false" metricName="threadPoolRuntimeObjectName" name="threadPoolRuntimeObjectName" oid="1.3.6.1.4.1.140.625.367.1.5" size="256" type="STRING_DATA" visible="true"/>
    <metric key="false" metricName="threadPoolRuntimeType" name="threadPoolRuntimeType" oid="1.3.6.1.4.1.140.625.367.1.10" size="64" type="STRING_DATA" visible="true"/>
    <metric key="false" metricName="threadPoolRuntimeName" name="threadPoolRuntimeName" oid="1.3.6.1.4.1.140.625.367.1.15" size="64" type="STRING_DATA" visible="true"/>
    <metric key="false" metricName="threadPoolRuntimeParent" name="threadPoolRuntimeParent" oid="1.3.6.1.4.1.140.625.367.1.20" size="256" type="STRING_DATA" visible="true"/>
    <metric key="false" metricName="threadPoolRuntimeExecuteThreadTotalCount" name="threadPoolRuntimeExecuteThreadTotalCount" oid="1.3.6.1.4.1.140.625.367.1.25" size="4" type="NUMERIC_DATA" visible="true"/>
    <metric key="false" metricName="threadPoolRuntimeExecuteThreadIdleCount" name="threadPoolRuntimeExecuteThreadIdleCount" oid="1.3.6.1.4.1.140.625.367.1.30" size="4" type="NUMERIC_DATA" visible="true"/>
    <metric key="false" metricName="threadPoolRuntimeQueueLength" name="threadPoolRuntimeQueueLength" oid="1.3.6.1.4.1.140.625.367.1.35" size="4" type="NUMERIC_DATA" visible="true"/>
    <metric key="false" metricName="threadPoolRuntimePendingUserRequestCount" name="threadPoolRuntimePendingUserRequestCount" oid="1.3.6.1.4.1.140.625.367.1.40" size="4" type="NUMERIC_DATA" visible="true"/>
    <metric key="false" metricName="threadPoolRuntimeSharedCapacityForWorkManagers" name="threadPoolRuntimeSharedCapacityForWorkManagers" oid="1.3.6.1.4.1.140.625.367.1.45" size="4" type="NUMERIC_DATA" visible="true"/>
    <metric key="false" metricName="threadPoolRuntimeCompletedRequestCount" name="threadPoolRuntimeCompletedRequestCount" oid="1.3.6.1.4.1.140.625.367.1.50" size="8" type="NUMERIC_64BIT_DATA" visible="true"/>
    <metric key="false" metricName="threadPoolRuntimeHoggingThreadCount" name="threadPoolRuntimeHoggingThreadCount" oid="1.3.6.1.4.1.140.625.367.1.55" size="4" type="NUMERIC_DATA" visible="true"/>
    <metric key="false" metricName="threadPoolRuntimeStandbyThreadCount" name="threadPoolRuntimeStandbyThreadCount" oid="1.3.6.1.4.1.140.625.367.1.60" size="4" type="NUMERIC_DATA" visible="true"/>
    <metric key="false" metricName="threadPoolRuntimeThroughput" name="threadPoolRuntimeThroughput" oid="1.3.6.1.4.1.140.625.367.1.65" size="64" type="STRING_DATA" visible="true"/>
    <metric key="false" metricName="threadPoolRuntimeMinThreadsConstraintsPending" name="threadPoolRuntimeMinThreadsConstraintsPending" oid="1.3.6.1.4.1.140.625.367.1.70" size="4" type="NUMERIC_DATA" visible="true"/>
    <metric key="false" metricName="threadPoolRuntimeMinThreadsConstraintsCompleted" name="threadPoolRuntimeMinThreadsConstraintsCompleted" oid="1.3.6.1.4.1.140.625.367.1.75" size="8" type="NUMERIC_64BIT_DATA" visible="true"/>
    <metric key="false" metricName="threadPoolRuntimeSuspended" name="threadPoolRuntimeSuspended" oid="1.3.6.1.4.1.140.625.367.1.80" size="4" type="NUMERIC_DATA" visible="true"/>
  </snmp>
  <snmp ag="minThreadsConstraintRuntimeTable" app="K00" name="minThreadsConstraintRuntimeTable" scalar="false">
    <metric key="true" metricName="minThreadsConstraintRuntimeIndex" name="minThreadsConstraintRuntimeIndex" oid="1.3.6.1.4.1.140.625.364.1.1" size="16" type="STRING_DATA" visible="true"/>
    <metric key="false" metricName="minThreadsConstraintRuntimeObjectName" name="minThreadsConstraintRuntimeObjectName" oid="1.3.6.1.4.1.140.625.364.1.5" size="256" type="STRING_DATA" visible="true"/>
    <metric key="false" metricName="minThreadsConstraintRuntimeType" name="minThreadsConstraintRuntimeType" oid="1.3.6.1.4.1.140.625.364.1.10" size="64" type="STRING_DATA" visible="true"/>
    <metric key="false" metricName="minThreadsConstraintRuntimeName" name="minThreadsConstraintRuntimeName" oid="1.3.6.1.4.1.140.625.364.1.15" size="64" type="STRING_DATA" visible="true"/>
    <metric key="false" metricName="minThreadsConstraintRuntimeParent" name="minThreadsConstraintRuntimeParent" oid="1.3.6.1.4.1.140.625.364.1.20" size="256" type="STRING_DATA" visible="true"/>
    <metric key="false" metricName="minThreadsConstraintRuntimeCompletedRequests" name="minThreadsConstraintRuntimeCompletedRequests" oid="1.3.6.1.4.1.140.625.364.1.25" size="8" type="NUMERIC_64BIT_DATA" visible="true"/>
    <metric key="false" metricName="minThreadsConstraintRuntimePendingRequests" name="minThreadsConstraintRuntimePendingRequests" oid="1.3.6.1.4.1.140.625.364.1.30" size="4" type="NUMERIC_DATA" visible="true"/>
    <metric key="false" metricName="minThreadsConstraintRuntimeExecutingRequests" name="minThreadsConstraintRuntimeExecutingRequests" oid="1.3.6.1.4.1.140.625.364.1.35" size="4" type="NUMERIC_DATA" visible="true"/>
    <metric key="false" metricName="minThreadsConstraintRuntimeOutOfOrderExecutionCount" name="minThreadsConstraintRuntimeOutOfOrderExecutionCount" oid="1.3.6.1.4.1.140.625.364.1.40" size="8" type="NUMERIC_64BIT_DATA" visible="true"/>
    <metric key="false" metricName="minThreadsConstraintRuntimeMustRunCount" name="minThreadsConstraintRuntimeMustRunCount" oid="1.3.6.1.4.1.140.625.364.1.45" size="4" type="NUMERIC_DATA" visible="true"/>
    <metric key="false" metricName="minThreadsConstraintRuntimeMaxWaitTime" name="minThreadsConstraintRuntimeMaxWaitTime" oid="1.3.6.1.4.1.140.625.364.1.50" size="8" type="NUMERIC_64BIT_DATA" visible="true"/>
    <metric key="false" metricName="minThreadsConstraintRuntimeCurrentWaitTime" name="minThreadsConstraintRuntimeCurrentWaitTime" oid="1.3.6.1.4.1.140.625.364.1.55" size="8" type="NUMERIC_64BIT_DATA" visible="true"/>
  </snmp>
  <snmp ag="jmsConnectionRuntimeTable" app="K00" name="jmsConnectionRuntimeTable" scalar="false">
    <metric key="true" metricName="jmsConnectionRuntimeIndex" name="jmsConnectionRuntimeIndex" oid="1.3.6.1.4.1.140.625.200.1.1" size="16" type="STRING_DATA" visible="true"/>
    <metric key="false" metricName="jmsConnectionRuntimeObjectName" name="jmsConnectionRuntimeObjectName" oid="1.3.6.1.4.1.140.625.200.1.5" size="256" type="STRING_DATA" visible="true"/>
    <metric key="false" metricName="jmsConnectionRuntimeType" name="jmsConnectionRuntimeType" oid="1.3.6.1.4.1.140.625.200.1.10" size="64" type="STRING_DATA" visible="true"/>
    <metric key="false" metricName="jmsConnectionRuntimeName" name="jmsConnectionRuntimeName" oid="1.3.6.1.4.1.140.625.200.1.15" size="64" type="STRING_DATA" visible="true"/>
    <metric key="false" metricName="jmsConnectionRuntimeParent" name="jmsConnectionRuntimeParent" oid="1.3.6.1.4.1.140.625.200.1.20" size="256" type="STRING_DATA" visible="true"/>
    <metric key="false" metricName="jmsConnectionRuntimeClientID" name="jmsConnectionRuntimeClientID" oid="1.3.6.1.4.1.140.625.200.1.25" size="64" type="STRING_DATA" visible="true"/>
    <metric key="false" metricName="jmsConnectionRuntimeSessionsCurrentCount" name="jmsConnectionRuntimeSessionsCurrentCount" oid="1.3.6.1.4.1.140.625.200.1.35" size="8" type="NUMERIC_64BIT_DATA" visible="true"/>
    <metric key="false" metricName="jmsConnectionRuntimeSessionsHighCount" name="jmsConnectionRuntimeSessionsHighCount" oid="1.3.6.1.4.1.140.625.200.1.40" size="8" type="NUMERIC_64BIT_DATA" visible="true"/>
    <metric key="false" metricName="jmsConnectionRuntimeSessionsTotalCount" name="jmsConnectionRuntimeSessionsTotalCount" oid="1.3.6.1.4.1.140.625.200.1.45" size="8" type="NUMERIC_64BIT_DATA" visible="true"/>
    <metric key="false" metricName="jmsConnectionRuntimeHostAddress" name="jmsConnectionRuntimeHostAddress" oid="1.3.6.1.4.1.140.625.200.1.46" size="64" type="STRING_DATA" visible="true"/>
    <metric key="false" metricName="jmsConnectionRuntimeClientIDPolicy" name="jmsConnectionRuntimeClientIDPolicy" oid="1.3.6.1.4.1.140.625.200.1.47" size="64" type="STRING_DATA" visible="true"/>
  </snmp>
  <snmp ag="jdbcConnectionPoolRuntimeTable" app="K00" name="jdbcConnectionPoolRuntimeTable" scalar="false">
    <metric key="true" metricName="jdbcConnectionPoolRuntimeIndex" name="jdbcConnectionPoolRuntimeIndex" oid="1.3.6.1.4.1.140.625.190.1.1" size="16" type="STRING_DATA" visible="true"/>
    <metric key="false" metricName="jdbcConnectionPoolRuntimeObjectName" name="jdbcConnectionPoolRuntimeObjectName" oid="1.3.6.1.4.1.140.625.190.1.5" size="256" type="STRING_DATA" visible="true"/>
    <metric key="false" metricName="jdbcConnectionPoolRuntimeType" name="jdbcConnectionPoolRuntimeType" oid="1.3.6.1.4.1.140.625.190.1.10" size="64" type="STRING_DATA" visible="true"/>
    <metric key="false" metricName="jdbcConnectionPoolRuntimeName" name="jdbcConnectionPoolRuntimeName" oid="1.3.6.1.4.1.140.625.190.1.15" size="64" type="STRING_DATA" visible="true"/>
    <metric key="false" metricName="jdbcConnectionPoolRuntimeParent" name="jdbcConnectionPoolRuntimeParent" oid="1.3.6.1.4.1.140.625.190.1.20" size="256" type="STRING_DATA" visible="true"/>
    <metric key="false" metricName="jdbcConnectionPoolRuntimeActiveConnectionsCurrentCount" name="jdbcConnectionPoolRuntimeActiveConnectionsCurrentCount" oid="1.3.6.1.4.1.140.625.190.1.25" size="4" type="NUMERIC_DATA" visible="true"/>
    <metric key="false" metricName="jdbcConnectionPoolRuntimeWaitingForConnectionCurrentCount" name="jdbcConnectionPoolRuntimeWaitingForConnectionCurrentCount" oid="1.3.6.1.4.1.140.625.190.1.30" size="4" type="NUMERIC_DATA" visible="true"/>
    <metric key="false" metricName="jdbcConnectionPoolRuntimeVersionJDBCDriver" name="jdbcConnectionPoolRuntimeVersionJDBCDriver" oid="1.3.6.1.4.1.140.625.190.1.35" size="32" type="STRING_DATA" visible="true"/>
    <metric key="false" metricName="jdbcConnectionPoolRuntimeActiveConnectionsHighCount" name="jdbcConnectionPoolRuntimeActiveConnectionsHighCount" oid="1.3.6.1.4.1.140.625.190.1.40" size="4" type="NUMERIC_DATA" visible="true"/>
    <metric key="false" metricName="jdbcConnectionPoolRuntimeWaitingForConnectionHighCount" name="jdbcConnectionPoolRuntimeWaitingForConnectionHighCount" oid="1.3.6.1.4.1.140.625.190.1.45" size="4" type="NUMERIC_DATA" visible="true"/>
    <metric key="false" metricName="jdbcConnectionPoolRuntimeWaitSecondsHighCount" name="jdbcConnectionPoolRuntimeWaitSecondsHighCount" oid="1.3.6.1.4.1.140.625.190.1.50" size="4" type="NUMERIC_DATA" visible="true"/>
    <metric key="false" metricName="jdbcConnectionPoolRuntimeConnectionsTotalCount" name="jdbcConnectionPoolRuntimeConnectionsTotalCount" oid="1.3.6.1.4.1.140.625.190.1.55" size="4" type="NUMERIC_DATA" visible="true"/>
    <metric key="false" metricName="jdbcConnectionPoolRuntimeMaxCapacity" name="jdbcConnectionPoolRuntimeMaxCapacity" oid="1.3.6.1.4.1.140.625.190.1.60" size="4" type="NUMERIC_DATA" visible="true"/>
    <metric key="false" metricName="jdbcConnectionPoolRuntimeActiveConnectionsAverageCount" name="jdbcConnectionPoolRuntimeActiveConnectionsAverageCount" oid="1.3.6.1.4.1.140.625.190.1.61" size="4" type="NUMERIC_DATA" visible="true"/>
    <metric key="false" metricName="jdbcConnectionPoolRuntimeConnectionDelayTime" name="jdbcConnectionPoolRuntimeConnectionDelayTime" oid="1.3.6.1.4.1.140.625.190.1.62" size="4" type="NUMERIC_DATA" visible="true"/>
    <metric key="false" metricName="jdbcConnectionPoolRuntimeConnectionLeakProfileCount" name="jdbcConnectionPoolRuntimeConnectionLeakProfileCount" oid="1.3.6.1.4.1.140.625.190.1.63" size="4" type="NUMERIC_DATA" visible="true"/>
    <metric key="false" metricName="jdbcConnectionPoolRuntimeCurrCapacity" name="jdbcConnectionPoolRuntimeCurrCapacity" oid="1.3.6.1.4.1.140.625.190.1.64" size="4" type="NUMERIC_DATA" visible="true"/>
    <metric key="false" metricName="jdbcConnectionPoolRuntimeFailuresToReconnectCount" name="jdbcConnectionPoolRuntimeFailuresToReconnectCount" oid="1.3.6.1.4.1.140.625.190.1.65" size="4" type="NUMERIC_DATA" visible="true"/>
    <metric key="false" metricName="jdbcConnectionPoolRuntimeHighestNumAvailable" name="jdbcConnectionPoolRuntimeHighestNumAvailable" oid="1.3.6.1.4.1.140.625.190.1.66" size="4" type="NUMERIC_DATA" visible="true"/>
    <metric key="false" metricName="jdbcConnectionPoolRuntimeHighestNumUnavailable" name="jdbcConnectionPoolRuntimeHighestNumUnavailable" oid="1.3.6.1.4.1.140.625.190.1.67" size="4" type="NUMERIC_DATA" visible="true"/>
    <metric key="false" metricName="jdbcConnectionPoolRuntimeLeakedConnectionCount" name="jdbcConnectionPoolRuntimeLeakedConnectionCount" oid="1.3.6.1.4.1.140.625.190.1.68" size="4" type="NUMERIC_DATA" visible="true"/>
    <metric key="false" metricName="jdbcConnectionPoolRuntimeNumAvailable" name="jdbcConnectionPoolRuntimeNumAvailable" oid="1.3.6.1.4.1.140.625.190.1.69" size="4" type="NUMERIC_DATA" visible="true"/>
    <metric key="false" metricName="jdbcConnectionPoolRuntimeNumUnavailable" name="jdbcConnectionPoolRuntimeNumUnavailable" oid="1.3.6.1.4.1.140.625.190.1.70" size="4" type="NUMERIC_DATA" visible="true"/>
    <metric key="false" metricName="jdbcConnectionPoolRuntimeStatementProfileCount" name="jdbcConnectionPoolRuntimeStatementProfileCount" oid="1.3.6.1.4.1.140.625.190.1.71" size="4" type="NUMERIC_DATA" visible="true"/>
    <metric key="false" metricName="jdbcConnectionPoolRuntimeEnabled" name="jdbcConnectionPoolRuntimeEnabled" oid="1.3.6.1.4.1.140.625.190.1.72" size="64" type="STRING_DATA" visible="true"/>
    <metric key="false" metricName="jdbcConnectionPoolRuntimePoolState" name="jdbcConnectionPoolRuntimePoolState" oid="1.3.6.1.4.1.140.625.190.1.73" size="64" type="STRING_DATA" visible="true"/>
    <metric key="false" metricName="jdbcConnectionPoolRuntimeModuleId" name="jdbcConnectionPoolRuntimeModuleId" oid="1.3.6.1.4.1.140.625.190.1.74" size="64" type="STRING_DATA" visible="true"/>
    <metric key="false" metricName="jdbcConnectionPoolRuntimeState" name="jdbcConnectionPoolRuntimeState" oid="1.3.6.1.4.1.140.625.190.1.75" size="64" type="STRING_DATA" visible="true"/>
    <metric key="false" metricName="jdbcConnectionPoolRuntimeDeploymentState" name="jdbcConnectionPoolRuntimeDeploymentState" oid="1.3.6.1.4.1.140.625.190.1.76" size="4" type="NUMERIC_DATA" visible="true"/>
  </snmp>
  <snmp ag="jrockitRuntimeTable" app="K00" name="jrockitRuntimeTable" scalar="false">
    <metric key="true" metricName="jrockitRuntimeIndex" name="jrockitRuntimeIndex" oid="1.3.6.1.4.1.140.625.302.1.1" size="16" type="STRING_DATA" visible="true"/>
    <metric key="false" metricName="jrockitRuntimeObjectName" name="jrockitRuntimeObjectName" oid="1.3.6.1.4.1.140.625.302.1.5" size="256" type="STRING_DATA" visible="true"/>
    <metric key="false" metricName="jrockitRuntimeType" name="jrockitRuntimeType" oid="1.3.6.1.4.1.140.625.302.1.10" size="64" type="STRING_DATA" visible="true"/>
    <metric key="false" metricName="jrockitRuntimeName" name="jrockitRuntimeName" oid="1.3.6.1.4.1.140.625.302.1.15" size="64" type="STRING_DATA" visible="true"/>
    <metric key="false" metricName="jrockitRuntimeParent" name="jrockitRuntimeParent" oid="1.3.6.1.4.1.140.625.302.1.20" size="256" type="STRING_DATA" visible="true"/>
    <metric key="false" metricName="jrockitRuntimeAllProcessorsAverageLoad" name="jrockitRuntimeAllProcessorsAverageLoad" oid="1.3.6.1.4.1.140.625.302.1.21" size="64" type="STRING_DATA" visible="true"/>
    <metric key="false" metricName="jrockitRuntimeFreeHeap" name="jrockitRuntimeFreeHeap" oid="1.3.6.1.4.1.140.625.302.1.22" size="8" type="NUMERIC_64BIT_DATA" visible="true"/>
    <metric key="false" metricName="jrockitRuntimeFreePhysicalMemory" name="jrockitRuntimeFreePhysicalMemory" oid="1.3.6.1.4.1.140.625.302.1.23" size="8" type="NUMERIC_64BIT_DATA" visible="true"/>
    <metric key="false" metricName="jrockitRuntimeGcAlgorithm" name="jrockitRuntimeGcAlgorithm" oid="1.3.6.1.4.1.140.625.302.1.24" size="64" type="STRING_DATA" visible="true"/>
    <metric key="false" metricName="jrockitRuntimeJVMDescription" name="jrockitRuntimeJVMDescription" oid="1.3.6.1.4.1.140.625.302.1.25" size="64" type="STRING_DATA" visible="true"/>
    <metric key="false" metricName="jrockitRuntimeJvmProcessorLoad" name="jrockitRuntimeJvmProcessorLoad" oid="1.3.6.1.4.1.140.625.302.1.26" size="64" type="STRING_DATA" visible="true"/>
    <metric key="false" metricName="jrockitRuntimeLastGCEnd" name="jrockitRuntimeLastGCEnd" oid="1.3.6.1.4.1.140.625.302.1.27" size="8" type="NUMERIC_64BIT_DATA" visible="true"/>
    <metric key="false" metricName="jrockitRuntimeLastGCStart" name="jrockitRuntimeLastGCStart" oid="1.3.6.1.4.1.140.625.302.1.28" size="8" type="NUMERIC_64BIT_DATA" visible="true"/>
    <metric key="false" metricName="jrockitRuntimeNumberOfDaemonThreads" name="jrockitRuntimeNumberOfDaemonThreads" oid="1.3.6.1.4.1.140.625.302.1.29" size="4" type="NUMERIC_DATA" visible="true"/>
    <metric key="false" metricName="jrockitRuntimeNumberOfProcessors" name="jrockitRuntimeNumberOfProcessors" oid="1.3.6.1.4.1.140.625.302.1.30" size="4" type="NUMERIC_DATA" visible="true"/>
    <metric key="false" metricName="jrockitRuntimeThreadStackDump" name="jrockitRuntimeThreadStackDump" oid="1.3.6.1.4.1.140.625.302.1.31" size="64" type="STRING_DATA" visible="true"/>
    <metric key="false" metricName="jrockitRuntimeTotalGarbageCollectionCount" name="jrockitRuntimeTotalGarbageCollectionCount" oid="1.3.6.1.4.1.140.625.302.1.32" size="8" type="NUMERIC_64BIT_DATA" visible="true"/>
    <metric key="false" metricName="jrockitRuntimeTotalGarbageCollectionTime" name="jrockitRuntimeTotalGarbageCollectionTime" oid="1.3.6.1.4.1.140.625.302.1.33" size="8" type="NUMERIC_64BIT_DATA" visible="true"/>
    <metric key="false" metricName="jrockitRuntimeTotalHeap" name="jrockitRuntimeTotalHeap" oid="1.3.6.1.4.1.140.625.302.1.34" size="8" type="NUMERIC_64BIT_DATA" visible="true"/>
    <metric key="false" metricName="jrockitRuntimeTotalNumberOfThreads" name="jrockitRuntimeTotalNumberOfThreads" oid="1.3.6.1.4.1.140.625.302.1.35" size="4" type="NUMERIC_DATA" visible="true"/>
    <metric key="false" metricName="jrockitRuntimeTotalNurserySize" name="jrockitRuntimeTotalNurserySize" oid="1.3.6.1.4.1.140.625.302.1.36" size="8" type="NUMERIC_64BIT_DATA" visible="true"/>
    <metric key="false" metricName="jrockitRuntimeTotalPhysicalMemory" name="jrockitRuntimeTotalPhysicalMemory" oid="1.3.6.1.4.1.140.625.302.1.37" size="8" type="NUMERIC_64BIT_DATA" visible="true"/>
    <metric key="false" metricName="jrockitRuntimeUptime" name="jrockitRuntimeUptime" oid="1.3.6.1.4.1.140.625.302.1.38" size="8" type="NUMERIC_64BIT_DATA" visible="true"/>
    <metric key="false" metricName="jrockitRuntimeUsedHeap" name="jrockitRuntimeUsedHeap" oid="1.3.6.1.4.1.140.625.302.1.39" size="8" type="NUMERIC_64BIT_DATA" visible="true"/>
    <metric key="false" metricName="jrockitRuntimeUsedPhysicalMemory" name="jrockitRuntimeUsedPhysicalMemory" oid="1.3.6.1.4.1.140.625.302.1.40" size="8" type="NUMERIC_64BIT_DATA" visible="true"/>
    <metric key="false" metricName="jrockitRuntimeVendor" name="jrockitRuntimeVendor" oid="1.3.6.1.4.1.140.625.302.1.41" size="64" type="STRING_DATA" visible="true"/>
    <metric key="false" metricName="jrockitRuntimeVersion" name="jrockitRuntimeVersion" oid="1.3.6.1.4.1.140.625.302.1.42" size="64" type="STRING_DATA" visible="true"/>
    <metric key="false" metricName="jrockitRuntimeConcurrent" name="jrockitRuntimeConcurrent" oid="1.3.6.1.4.1.140.625.302.1.43" size="4" type="NUMERIC_DATA" visible="true"/>
    <metric key="false" metricName="jrockitRuntimeGCHandlesCompaction" name="jrockitRuntimeGCHandlesCompaction" oid="1.3.6.1.4.1.140.625.302.1.44" size="4" type="NUMERIC_DATA" visible="true"/>
    <metric key="false" metricName="jrockitRuntimeGenerational" name="jrockitRuntimeGenerational" oid="1.3.6.1.4.1.140.625.302.1.45" size="4" type="NUMERIC_DATA" visible="true"/>
    <metric key="false" metricName="jrockitRuntimeIncremental" name="jrockitRuntimeIncremental" oid="1.3.6.1.4.1.140.625.302.1.46" size="4" type="NUMERIC_DATA" visible="true"/>
    <metric key="false" metricName="jrockitRuntimeParallel" name="jrockitRuntimeParallel" oid="1.3.6.1.4.1.140.625.302.1.47" size="4" type="NUMERIC_DATA" visible="true"/>
    <metric key="false" metricName="jrockitRuntimeJavaVendor" name="jrockitRuntimeJavaVendor" oid="1.3.6.1.4.1.140.625.302.1.48" size="64" type="STRING_DATA" visible="true"/>
    <metric key="false" metricName="jrockitRuntimeHeapSizeCurrent" name="jrockitRuntimeHeapSizeCurrent" oid="1.3.6.1.4.1.140.625.302.1.49" size="8" type="NUMERIC_64BIT_DATA" visible="true"/>
    <metric key="false" metricName="jrockitRuntimeHeapFreePercent" name="jrockitRuntimeHeapFreePercent" oid="1.3.6.1.4.1.140.625.302.1.50" size="4" type="NUMERIC_DATA" visible="true"/>
    <metric key="false" metricName="jrockitRuntimeHeapSizeMax" name="jrockitRuntimeHeapSizeMax" oid="1.3.6.1.4.1.140.625.302.1.51" size="8" type="NUMERIC_64BIT_DATA" visible="true"/>
    <metric key="false" metricName="jrockitRuntimeOSName" name="jrockitRuntimeOSName" oid="1.3.6.1.4.1.140.625.302.1.52" size="64" type="STRING_DATA" visible="true"/>
    <metric key="false" metricName="jrockitRuntimeJavaVersion" name="jrockitRuntimeJavaVersion" oid="1.3.6.1.4.1.140.625.302.1.53" size="64" type="STRING_DATA" visible="true"/>
    <metric key="false" metricName="jrockitRuntimeOSVersion" name="jrockitRuntimeOSVersion" oid="1.3.6.1.4.1.140.625.302.1.54" size="64" type="STRING_DATA" visible="true"/>
    <metric key="false" metricName="jrockitRuntimeHeapFreeCurrent" name="jrockitRuntimeHeapFreeCurrent" oid="1.3.6.1.4.1.140.625.302.1.55" size="8" type="NUMERIC_64BIT_DATA" visible="true"/>
    <metric key="false" metricName="jrockitRuntimeJavaVMVendor" name="jrockitRuntimeJavaVMVendor" oid="1.3.6.1.4.1.140.625.302.1.56" size="64" type="STRING_DATA" visible="true"/>
  </snmp>
  <snmp ag="clusterRuntimeTable" app="K00" name="clusterRuntimeTable" scalar="false">
    <metric key="true" metricName="clusterRuntimeIndex" name="clusterRuntimeIndex" oid="1.3.6.1.4.1.140.625.110.1.1" size="16" type="STRING_DATA" visible="true"/>
    <metric key="false" metricName="clusterRuntimeObjectName" name="clusterRuntimeObjectName" oid="1.3.6.1.4.1.140.625.110.1.5" size="256" type="STRING_DATA" visible="true"/>
    <metric key="false" metricName="clusterRuntimeType" name="clusterRuntimeType" oid="1.3.6.1.4.1.140.625.110.1.10" size="64" type="STRING_DATA" visible="true"/>
    <metric key="false" metricName="clusterRuntimeName" name="clusterRuntimeName" oid="1.3.6.1.4.1.140.625.110.1.15" size="64" type="STRING_DATA" visible="true"/>
    <metric key="false" metricName="clusterRuntimeParent" name="clusterRuntimeParent" oid="1.3.6.1.4.1.140.625.110.1.20" size="256" type="STRING_DATA" visible="true"/>
    <metric key="false" metricName="clusterRuntimeAliveServerCount" name="clusterRuntimeAliveServerCount" oid="1.3.6.1.4.1.140.625.110.1.25" size="4" type="NUMERIC_DATA" visible="true"/>
    <metric key="false" metricName="clusterRuntimeResendRequestsCount" name="clusterRuntimeResendRequestsCount" oid="1.3.6.1.4.1.140.625.110.1.30" size="8" type="NUMERIC_64BIT_DATA" visible="true"/>
    <metric key="false" metricName="clusterRuntimeFragmentsSentCount" name="clusterRuntimeFragmentsSentCount" oid="1.3.6.1.4.1.140.625.110.1.35" size="8" type="NUMERIC_64BIT_DATA" visible="true"/>
    <metric key="false" metricName="clusterRuntimeFragmentsReceivedCount" name="clusterRuntimeFragmentsReceivedCount" oid="1.3.6.1.4.1.140.625.110.1.40" size="8" type="NUMERIC_64BIT_DATA" visible="true"/>
    <metric key="false" metricName="clusterRuntimeMulticastMessagesLostCount" name="clusterRuntimeMulticastMessagesLostCount" oid="1.3.6.1.4.1.140.625.110.1.45" size="8" type="NUMERIC_64BIT_DATA" visible="true"/>
    <metric key="false" metricName="clusterRuntimeServerNames" name="clusterRuntimeServerNames" oid="1.3.6.1.4.1.140.625.110.1.50" size="256" type="STRING_DATA" visible="true"/>
    <metric key="false" metricName="clusterRuntimeSecondaryDistributionNames" name="clusterRuntimeSecondaryDistributionNames" oid="1.3.6.1.4.1.140.625.110.1.55" size="256" type="STRING_DATA" visible="true"/>
    <metric key="false" metricName="clusterRuntimePrimaryCount" name="clusterRuntimePrimaryCount" oid="1.3.6.1.4.1.140.625.110.1.60" size="8" type="NUMERIC_64BIT_DATA" visible="true"/>
    <metric key="false" metricName="clusterRuntimeCurrentSecondaryServer" name="clusterRuntimeCurrentSecondaryServer" oid="1.3.6.1.4.1.140.625.110.1.61" size="64" type="STRING_DATA" visible="true"/>
    <metric key="false" metricName="clusterRuntimeForeignFragmentsDroppedCount" name="clusterRuntimeForeignFragmentsDroppedCount" oid="1.3.6.1.4.1.140.625.110.1.62" size="8" type="NUMERIC_64BIT_DATA" visible="true"/>
    <metric key="false" metricName="clusterRuntimeDetailedSecondariesDistribution" name="clusterRuntimeDetailedSecondariesDistribution" oid="1.3.6.1.4.1.140.625.110.1.65" size="64" type="STRING_DATA" visible="true"/>
    <metric key="false" metricName="clusterRuntimeActiveSingletonServices" name="clusterRuntimeActiveSingletonServices" oid="1.3.6.1.4.1.140.625.110.1.66" size="64" type="STRING_DATA" visible="true"/>
    <metric key="false" metricName="clusterRuntimeSecondaryServerDetails" name="clusterRuntimeSecondaryServerDetails" oid="1.3.6.1.4.1.140.625.110.1.67" size="64" type="STRING_DATA" visible="true"/>
    <metric key="false" metricName="clusterRuntimeSecondaryCount" name="clusterRuntimeSecondaryCount" oid="1.3.6.1.4.1.140.625.110.1.68" size="8" type="NUMERIC_64BIT_DATA" visible="true"/>
  </snmp>
  <snmp ag="jmsServerRuntimeTable" app="K00" name="jmsServerRuntimeTable" scalar="false">
    <metric key="true" metricName="jmsServerRuntimeIndex" name="jmsServerRuntimeIndex" oid="1.3.6.1.4.1.140.625.250.1.1" size="16" type="STRING_DATA" visible="true"/>
    <metric key="false" metricName="jmsServerRuntimeObjectName" name="jmsServerRuntimeObjectName" oid="1.3.6.1.4.1.140.625.250.1.5" size="256" type="STRING_DATA" visible="true"/>
    <metric key="false" metricName="jmsServerRuntimeType" name="jmsServerRuntimeType" oid="1.3.6.1.4.1.140.625.250.1.10" size="64" type="STRING_DATA" visible="true"/>
    <metric key="false" metricName="jmsServerRuntimeName" name="jmsServerRuntimeName" oid="1.3.6.1.4.1.140.625.250.1.15" size="64" type="STRING_DATA" visible="true"/>
    <metric key="false" metricName="jmsServerRuntimeParent" name="jmsServerRuntimeParent" oid="1.3.6.1.4.1.140.625.250.1.20" size="256" type="STRING_DATA" visible="true"/>
    <metric key="false" metricName="jmsServerRuntimeSessionPoolsCurrentCount" name="jmsServerRuntimeSessionPoolsCurrentCount" oid="1.3.6.1.4.1.140.625.250.1.30" size="8" type="NUMERIC_64BIT_DATA" visible="true"/>
    <metric key="false" metricName="jmsServerRuntimeSessionPoolsHighCount" name="jmsServerRuntimeSessionPoolsHighCount" oid="1.3.6.1.4.1.140.625.250.1.35" size="8" type="NUMERIC_64BIT_DATA" visible="true"/>
    <metric key="false" metricName="jmsServerRuntimeSessionPoolsTotalCount" name="jmsServerRuntimeSessionPoolsTotalCount" oid="1.3.6.1.4.1.140.625.250.1.40" size="8" type="NUMERIC_64BIT_DATA" visible="true"/>
    <metric key="false" metricName="jmsServerRuntimeDestinationsCurrentCount" name="jmsServerRuntimeDestinationsCurrentCount" oid="1.3.6.1.4.1.140.625.250.1.50" size="8" type="NUMERIC_64BIT_DATA" visible="true"/>
    <metric key="false" metricName="jmsServerRuntimeDestinationsHighCount" name="jmsServerRuntimeDestinationsHighCount" oid="1.3.6.1.4.1.140.625.250.1.55" size="8" type="NUMERIC_64BIT_DATA" visible="true"/>
    <metric key="false" metricName="jmsServerRuntimeDestinationsTotalCount" name="jmsServerRuntimeDestinationsTotalCount" oid="1.3.6.1.4.1.140.625.250.1.60" size="8" type="NUMERIC_64BIT_DATA" visible="true"/>
    <metric key="false" metricName="jmsServerRuntimeMessagesCurrentCount" name="jmsServerRuntimeMessagesCurrentCount" oid="1.3.6.1.4.1.140.625.250.1.65" size="8" type="NUMERIC_64BIT_DATA" visible="true"/>
    <metric key="false" metricName="jmsServerRuntimeMessagesPendingCount" name="jmsServerRuntimeMessagesPendingCount" oid="1.3.6.1.4.1.140.625.250.1.70" size="8" type="NUMERIC_64BIT_DATA" visible="true"/>
    <metric key="false" metricName="jmsServerRuntimeMessagesHighCount" name="jmsServerRuntimeMessagesHighCount" oid="1.3.6.1.4.1.140.625.250.1.75" size="8" type="NUMERIC_64BIT_DATA" visible="true"/>
    <metric key="false" metricName="jmsServerRuntimeMessagesReceivedCount" name="jmsServerRuntimeMessagesReceivedCount" oid="1.3.6.1.4.1.140.625.250.1.80" size="8" type="NUMERIC_64BIT_DATA" visible="true"/>
    <metric key="false" metricName="jmsServerRuntimeMessagesThresholdTime" name="jmsServerRuntimeMessagesThresholdTime" oid="1.3.6.1.4.1.140.625.250.1.85" size="8" type="NUMERIC_64BIT_DATA" visible="true"/>
    <metric key="false" metricName="jmsServerRuntimeBytesCurrentCount" name="jmsServerRuntimeBytesCurrentCount" oid="1.3.6.1.4.1.140.625.250.1.90" size="8" type="NUMERIC_64BIT_DATA" visible="true"/>
    <metric key="false" metricName="jmsServerRuntimeBytesPendingCount" name="jmsServerRuntimeBytesPendingCount" oid="1.3.6.1.4.1.140.625.250.1.95" size="8" type="NUMERIC_64BIT_DATA" visible="true"/>
    <metric key="false" metricName="jmsServerRuntimeBytesHighCount" name="jmsServerRuntimeBytesHighCount" oid="1.3.6.1.4.1.140.625.250.1.100" size="8" type="NUMERIC_64BIT_DATA" visible="true"/>
    <metric key="false" metricName="jmsServerRuntimeBytesReceivedCount" name="jmsServerRuntimeBytesReceivedCount" oid="1.3.6.1.4.1.140.625.250.1.105" size="8" type="NUMERIC_64BIT_DATA" visible="true"/>
    <metric key="false" metricName="jmsServerRuntimeBytesThresholdTime" name="jmsServerRuntimeBytesThresholdTime" oid="1.3.6.1.4.1.140.625.250.1.110" size="8" type="NUMERIC_64BIT_DATA" visible="true"/>
    <metric key="false" metricName="jmsServerRuntimeMessagesPagedInTotalCount" name="jmsServerRuntimeMessagesPagedInTotalCount" oid="1.3.6.1.4.1.140.625.250.1.111" size="4" type="NUMERIC_DATA" visible="true"/>
    <metric key="false" metricName="jmsServerRuntimeProductionPaused" name="jmsServerRuntimeProductionPaused" oid="1.3.6.1.4.1.140.625.250.1.112" size="64" type="STRING_DATA" visible="true"/>
    <metric key="false" metricName="jmsServerRuntimeInsertionPaused" name="jmsServerRuntimeInsertionPaused" oid="1.3.6.1.4.1.140.625.250.1.113" size="64" type="STRING_DATA" visible="true"/>
    <metric key="false" metricName="jmsServerRuntimeConsumptionPausedState" name="jmsServerRuntimeConsumptionPausedState" oid="1.3.6.1.4.1.140.625.250.1.114" size="64" type="STRING_DATA" visible="true"/>
    <metric key="false" metricName="jmsServerRuntimeConsumptionPaused" name="jmsServerRuntimeConsumptionPaused" oid="1.3.6.1.4.1.140.625.250.1.115" size="64" type="STRING_DATA" visible="true"/>
    <metric key="false" metricName="jmsServerRuntimeBytesPageableCurrentCount" name="jmsServerRuntimeBytesPageableCurrentCount" oid="1.3.6.1.4.1.140.625.250.1.116" size="8" type="NUMERIC_64BIT_DATA" visible="true"/>
    <metric key="false" metricName="jmsServerRuntimeMessagesPagedOutTotalCount" name="jmsServerRuntimeMessagesPagedOutTotalCount" oid="1.3.6.1.4.1.140.625.250.1.117" size="4" type="NUMERIC_DATA" visible="true"/>
    <metric key="false" metricName="jmsServerRuntimeInsertionPausedState" name="jmsServerRuntimeInsertionPausedState" oid="1.3.6.1.4.1.140.625.250.1.118" size="64" type="STRING_DATA" visible="true"/>
    <metric key="false" metricName="jmsServerRuntimeMessagesPageableCurrentCount" name="jmsServerRuntimeMessagesPageableCurrentCount" oid="1.3.6.1.4.1.140.625.250.1.119" size="4" type="NUMERIC_DATA" visible="true"/>
    <metric key="false" metricName="jmsServerRuntimeProductionPausedState" name="jmsServerRuntimeProductionPausedState" oid="1.3.6.1.4.1.140.625.250.1.120" size="64" type="STRING_DATA" visible="true"/>
    <metric key="false" metricName="jmsServerRuntimeBytesPagedOutTotalCount" name="jmsServerRuntimeBytesPagedOutTotalCount" oid="1.3.6.1.4.1.140.625.250.1.121" size="8" type="NUMERIC_64BIT_DATA" visible="true"/>
    <metric key="false" metricName="jmsServerRuntimeBytesPagedInTotalCount" name="jmsServerRuntimeBytesPagedInTotalCount" oid="1.3.6.1.4.1.140.625.250.1.122" size="8" type="NUMERIC_64BIT_DATA" visible="true"/>
    <metric key="false" metricName="jmsServerRuntimeTransactions" name="jmsServerRuntimeTransactions" oid="1.3.6.1.4.1.140.625.250.1.123" size="64" type="STRING_DATA" visible="true"/>
    <metric key="false" metricName="jmsServerRuntimePendingTransactions" name="jmsServerRuntimePendingTransactions" oid="1.3.6.1.4.1.140.625.250.1.124" size="64" type="STRING_DATA" visible="true"/>
    <metric key="false" metricName="jmsServerRuntimePagingAllocatedWindowBufferBytes" name="jmsServerRuntimePagingAllocatedWindowBufferBytes" oid="1.3.6.1.4.1.140.625.250.1.125" size="8" type="NUMERIC_64BIT_DATA" visible="true"/>
    <metric key="false" metricName="jmsServerRuntimePagingPhysicalWriteCount" name="jmsServerRuntimePagingPhysicalWriteCount" oid="1.3.6.1.4.1.140.625.250.1.126" size="8" type="NUMERIC_64BIT_DATA" visible="true"/>
    <metric key="false" metricName="jmsServerRuntimePagingAllocatedIoBufferBytes" name="jmsServerRuntimePagingAllocatedIoBufferBytes" oid="1.3.6.1.4.1.140.625.250.1.127" size="8" type="NUMERIC_64BIT_DATA" visible="true"/>
  </snmp>
</agent_ref>
